// Jest Snapshot v1, https://goo.gl/fbAQLP

exports[`SessionAccounts has the expected html structure 1`] = `
<sessionframe-stub
  hideback="true"
  icon=""
>
  <div
    class="session-container"
  >
    <div
      class="accounts-header"
    >
      <h2
        class="session-title"
      >
        <img
          class="lunie-logo"
          src="../images/lunie-logo-white.svg"
        />
      </h2>
    </div>
     
    <sunsettingwarningbar-stub />
     
    <div
      class="accounts-header"
    >
      <p>
        
        You can use the account(s) below to explore Lunie.io and to approve
        transactions.
      
      </p>
    </div>
     
    <div
      class="session-main"
    >
      <accountlist-stub
        accounts="[object Object],[object Object],[object Object]"
        buttonaction="function () { [native code] }"
        buttontext="Go to Lunie"
      />
    </div>
     
    <router-link-stub
      class="back-link"
      to="/welcome"
    >
      Want to add another account?
    </router-link-stub>
  </div>
</sessionframe-stub>
`;
